2026-05-13-12:42:20 - 50 - root - INFO - Data downloaded and saved successfully
2026-05-13-12:42:20 - 87 - root - INFO - Initiating feature engineering
2026-05-13-12:42:20 - 50 - root - INFO - Data downloaded and saved successfully
2026-05-13-12:42:20 - 21 - root - INFO - \u2705 Loaded 2187 rows from data/raw_data/raw_data.csv
2026-05-13-12:42:20 - 44 - root - INFO - Computing log returns
2026-05-13-12:42:20 - 50 - root - INFO - Log return preview:
                                 Close  log_return
Date                                              
2020-01-01 00:00:00+00:00  7200.174316         NaN
2020-01-02 00:00:00+00:00  6985.470215   -0.030273
2020-01-03 00:00:00+00:00  7344.884277    0.050172
2020-01-04 00:00:00+00:00  7410.656738    0.008915
2020-01-05 00:00:00+00:00  7411.317383    0.000089
2026-05-13-12:42:20 - 54 - root - INFO - Log returns computed successfully
2026-05-13-12:42:20 - 60 - root - INFO - computing target volatility
2026-05-13-12:42:20 - 66 - root - INFO - Creating lagged features
2026-05-13-12:42:20 - 78 - root - INFO - Lagged features created successfully
2026-05-13-12:42:20 - 87 - root - INFO - Initiating feature engineering
2026-05-13-12:42:20 - 50 - root - INFO - Data downloaded and saved successfully
2026-05-13-12:42:20 - 21 - root - INFO - \u2705 Loaded 2187 rows from data/raw_data/raw_data.csv
2026-05-13-12:42:20 - 44 - root - INFO - Computing log returns
2026-05-13-12:42:20 - 50 - root - INFO - Log return preview:
                                 Close  log_return
Date                                              
2020-01-01 00:00:00+00:00  7200.174316         NaN
2020-01-02 00:00:00+00:00  6985.470215   -0.030273
2020-01-03 00:00:00+00:00  7344.884277    0.050172
2020-01-04 00:00:00+00:00  7410.656738    0.008915
2020-01-05 00:00:00+00:00  7411.317383    0.000089
2026-05-13-12:42:20 - 54 - root - INFO - Log returns computed successfully
2026-05-13-12:42:20 - 60 - root - INFO - computing target volatility
2026-05-13-12:42:20 - 66 - root - INFO - Creating lagged features
2026-05-13-12:42:20 - 78 - root - INFO - Lagged features created successfully
2026-05-13-12:42:20 - 123 - root - INFO - Train: 1432, Test: 711
2026-05-13-12:42:20 - 126 - root - INFO -  Training Naive Persistence...
2026-05-13-12:42:20 - 48 - root - INFO - RMSE Naive Forecast: 0.1583
2026-05-13-12:42:20 - 130 - root - INFO -  Training XGBoost...
2026-05-13-12:42:20 - 61 - root - INFO - RMSE XGBoost Forecast: 0.3435
2026-05-13-12:42:20 - 134 - root - INFO -  Training GARCH...
2026-05-13-12:42:20 - 106 - root - INFO - RMSE GARCH Forecast: 5.5352
2026-05-13-12:42:21 - 151 - root - INFO -  Saved feature importance plot to artifacts\feature_importance.png
2026-05-13-12:42:22 - 174 - root - INFO -  Saved RMSE comparison plot to artifacts\rmse_comparison.png
